[     550ms] [WARNING] Manifest: property 'start_url' ignored, should be same origin as document. @ http://localhost:3000/manifest.webmanifest:0
[     563ms] [INFO] %cDownload the React DevTools for a better development experience: https://react.dev/link/react-devtools font-weight:bold @ http://localhost:3000/_next/static/chunks/node_modules_next_dist_115brz8._.js:2431
[     614ms] [LOG] [HMR] connected @ http://localhost:3000/_next/static/chunks/node_modules_next_dist_115brz8._.js:2431
[     632ms] [WARNING] You have Reduced Motion enabled on your device. Animations may not appear as expected.. For more information and steps for solving, visit https://motion.dev/troubleshooting/reduced-motion-disabled @ http://localhost:3000/_next/static/chunks/node_modules_next_dist_115brz8._.js:2431
[     723ms] Error: Hydration failed because the server rendered HTML didn't match the client. As a result this tree will be regenerated on the client. This can happen if a SSR-ed Client Component used:

- A server/client branch `if (typeof window !== 'undefined')`.
- Variable input such as `Date.now()` or `Math.random()` which changes each time it's called.
- Date formatting in a user's locale which doesn't match the server.
- External changing data without sending a snapshot of it along with the HTML.
- Invalid HTML tag nesting.

It can also happen if the client has a browser extension installed which messes with the HTML before React loaded.

https://react.dev/link/hydration-mismatch

  ...
    <RedirectBoundary>
      <RedirectErrorBoundary router={{...}}>
        <Head>
        <__next_root_layout_boundary__>
          <SegmentViewNode type="layout" pagePath="layout.tsx">
            <SegmentTrieNode>
            <link>
            <script>
            <script>
            <script>
            <RootLayout>
              <html lang="ja" className="space_grot...">
                <body className="site-body">
                  <script>
                  <script>
                  <SiteMotionChrome>
                    <motion.div>
                    <AnimatePresence mode="wait">
                      <PresenceChild isPresent={true} initial={undefined} custom={undefined} presenceAffectsLayout={true} ...>
                        <PopChild pop={false} isPresent={true} anchorX="left" anchorY="top" root={undefined}>
                          <PopChildMeasure isPresent={true} childRef={{current:null}} sizeRef={{...}} pop={false}>
                            <motion.div className="site-route..." initial={{opacity:0,x:"-18%"}} ...>
                              <div
+                               className="site-route-signal"
-                               className="site-pointer-aura"
                                style={{
+                                 opacity: 0
+                                 transform: "translateX(-18%)"
-                                 background-image: "radial-gradient(320px at -280px -280px, rgba(217, 168, 63, 0.1) 0..."
-                                 background-position-x: "initial"
-                                 background-position-y: "initial"
-                                 background-size: "initial"
-                                 background-repeat: "initial"
-                                 background-attachment: "initial"
-                                 background-origin: "initial"
-                                 background-clip: "initial"
-                                 background-color: "initial"
                                }}
                                ref={function useMotionRef.useCallback}
                              >
                  ...
                    <SegmentStateProvider>
                      <SegmentViewNode type="template" pagePath="template.tsx">
                        <SegmentTrieNode>
                        <Template>
                          <RouteTemplateMotion>
                            <motion.div className={"route-te..."} initial={{opacity:0}} ...>
                              <div
+                               className={"route-template "}
-                               className="site-beams"
+                               style={{opacity:0}}
-                               style={{}}
                                ref={function useMotionRef.useCallback}
-                               aria-hidden="true"
                              >
                                <motion.div aria-hidden="true" className="route-temp..." initial={{opacity:0}} ...>
+                                 <div
+                                   aria-hidden="true"
+                                   className="route-template-sheen"
+                                   style={{opacity:0}}
+                                   ref={function useMotionRef.useCallback}
+                                 >
                                ...
                      ...
        ...

    at throwOnHydrationMismatch (http://localhost:3000/_next/static/chunks/node_modules_next_dist_compiled_react-dom_058-ah~._.js:3318:56)
    at beginWork (http://localhost:3000/_next/static/chunks/node_modules_next_dist_compiled_react-dom_058-ah~._.js:6758:918)
    at runWithFiberInDEV (http://localhost:3000/_next/static/chunks/node_modules_next_dist_compiled_react-dom_058-ah~._.js:965:74)
    at performUnitOfWork (http://localhost:3000/_next/static/chunks/node_modules_next_dist_compiled_react-dom_058-ah~._.js:9555:97)
    at workLoopConcurrentByScheduler (http://localhost:3000/_next/static/chunks/node_modules_next_dist_compiled_react-dom_058-ah~._.js:9551:58)
    at renderRootConcurrent (http://localhost:3000/_next/static/chunks/node_modules_next_dist_compiled_react-dom_058-ah~._.js:9534:71)
    at performWorkOnRoot (http://localhost:3000/_next/static/chunks/node_modules_next_dist_compiled_react-dom_058-ah~._.js:9061:150)
    at performWorkOnRootViaSchedulerTask (http://localhost:3000/_next/static/chunks/node_modules_next_dist_compiled_react-dom_058-ah~._.js:10255:9)
    at MessagePort.performWorkUntilDeadline (http://localhost:3000/_next/static/chunks/node_modules_next_dist_compiled_0rpq4pf._.js:2647:64)
[     858ms] [WARNING] Manifest: property 'start_url' ignored, should be same origin as document. @ http://localhost:3000/manifest.webmanifest:0
[  117743ms] [WARNING] Manifest: property 'start_url' ignored, should be same origin as document. @ http://localhost:3000/manifest.webmanifest:0
[  117758ms] [INFO] %cDownload the React DevTools for a better development experience: https://react.dev/link/react-devtools font-weight:bold @ http://localhost:3000/_next/static/chunks/node_modules_next_dist_115brz8._.js:2431
[  117778ms] [LOG] [HMR] connected @ http://localhost:3000/_next/static/chunks/node_modules_next_dist_115brz8._.js:2431
[  117822ms] [WARNING] You have Reduced Motion enabled on your device. Animations may not appear as expected.. For more information and steps for solving, visit https://motion.dev/troubleshooting/reduced-motion-disabled @ http://localhost:3000/_next/static/chunks/node_modules_next_dist_115brz8._.js:2431
[  117898ms] Error: Hydration failed because the server rendered HTML didn't match the client. As a result this tree will be regenerated on the client. This can happen if a SSR-ed Client Component used:

- A server/client branch `if (typeof window !== 'undefined')`.
- Variable input such as `Date.now()` or `Math.random()` which changes each time it's called.
- Date formatting in a user's locale which doesn't match the server.
- External changing data without sending a snapshot of it along with the HTML.
- Invalid HTML tag nesting.

It can also happen if the client has a browser extension installed which messes with the HTML before React loaded.

https://react.dev/link/hydration-mismatch

  ...
    <RedirectBoundary>
      <RedirectErrorBoundary router={{...}}>
        <Head>
        <__next_root_layout_boundary__>
          <SegmentViewNode type="layout" pagePath="layout.tsx">
            <SegmentTrieNode>
            <link>
            <script>
            <script>
            <script>
            <RootLayout>
              <html lang="ja" className="space_grot...">
                <body className="site-body">
                  <script>
                  <script>
                  <SiteMotionChrome>
                    <motion.div>
                    <AnimatePresence mode="wait">
                      <PresenceChild isPresent={true} initial={undefined} custom={undefined} presenceAffectsLayout={true} ...>
                        <PopChild pop={false} isPresent={true} anchorX="left" anchorY="top" root={undefined}>
                          <PopChildMeasure isPresent={true} childRef={{current:null}} sizeRef={{...}} pop={false}>
                            <motion.div className="site-route..." initial={{opacity:0,x:"-18%"}} ...>
                              <div
+                               className="site-route-signal"
-                               className="site-pointer-aura"
                                style={{
+                                 opacity: 0
+                                 transform: "translateX(-18%)"
-                                 background-image: "radial-gradient(320px at -280px -280px, rgba(217, 168, 63, 0.1) 0..."
-                                 background-position-x: "initial"
-                                 background-position-y: "initial"
-                                 background-size: "initial"
-                                 background-repeat: "initial"
-                                 background-attachment: "initial"
-                                 background-origin: "initial"
-                                 background-clip: "initial"
-                                 background-color: "initial"
                                }}
                                ref={function useMotionRef.useCallback}
                              >
                  ...
                    <SegmentStateProvider>
                      <SegmentViewNode type="template" pagePath="template.tsx">
                        <SegmentTrieNode>
                        <Template>
                          <RouteTemplateMotion>
                            <motion.div className={"route-te..."} initial={{opacity:0}} ...>
                              <div
+                               className={"route-template "}
-                               className="site-beams"
+                               style={{opacity:0}}
-                               style={{}}
                                ref={function useMotionRef.useCallback}
-                               aria-hidden="true"
                              >
                                <motion.div aria-hidden="true" className="route-temp..." initial={{opacity:0}} ...>
+                                 <div
+                                   aria-hidden="true"
+                                   className="route-template-sheen"
+                                   style={{opacity:0}}
+                                   ref={function useMotionRef.useCallback}
+                                 >
                                ...
                      ...
        ...

    at throwOnHydrationMismatch (http://localhost:3000/_next/static/chunks/node_modules_next_dist_compiled_react-dom_058-ah~._.js:3318:56)
    at beginWork (http://localhost:3000/_next/static/chunks/node_modules_next_dist_compiled_react-dom_058-ah~._.js:6758:918)
    at runWithFiberInDEV (http://localhost:3000/_next/static/chunks/node_modules_next_dist_compiled_react-dom_058-ah~._.js:965:74)
    at performUnitOfWork (http://localhost:3000/_next/static/chunks/node_modules_next_dist_compiled_react-dom_058-ah~._.js:9555:97)
    at workLoopConcurrentByScheduler (http://localhost:3000/_next/static/chunks/node_modules_next_dist_compiled_react-dom_058-ah~._.js:9551:58)
    at renderRootConcurrent (http://localhost:3000/_next/static/chunks/node_modules_next_dist_compiled_react-dom_058-ah~._.js:9534:71)
    at performWorkOnRoot (http://localhost:3000/_next/static/chunks/node_modules_next_dist_compiled_react-dom_058-ah~._.js:9061:150)
    at performWorkOnRootViaSchedulerTask (http://localhost:3000/_next/static/chunks/node_modules_next_dist_compiled_react-dom_058-ah~._.js:10255:9)
    at MessagePort.performWorkUntilDeadline (http://localhost:3000/_next/static/chunks/node_modules_next_dist_compiled_0rpq4pf._.js:2647:64)
[  117992ms] [WARNING] Manifest: property 'start_url' ignored, should be same origin as document. @ http://localhost:3000/manifest.webmanifest:0
[  226020ms] [WARNING] Canvas2D: Multiple readback operations using getImageData are faster with the willReadFrequently attribute set to true. See: https://html.spec.whatwg.org/multipage/canvas.html#concept-canvas-will-read-frequently @ :12
[  249245ms] [WARNING] Canvas2D: Multiple readback operations using getImageData are faster with the willReadFrequently attribute set to true. See: https://html.spec.whatwg.org/multipage/canvas.html#concept-canvas-will-read-frequently @ :14
[  324902ms] [WARNING] Manifest: property 'start_url' ignored, should be same origin as document. @ http://localhost:3000/manifest.webmanifest:0
[  324917ms] [INFO] %cDownload the React DevTools for a better development experience: https://react.dev/link/react-devtools font-weight:bold @ http://localhost:3000/_next/static/chunks/node_modules_next_dist_115brz8._.js:2431
[  324944ms] [LOG] [HMR] connected @ http://localhost:3000/_next/static/chunks/node_modules_next_dist_115brz8._.js:2431
[  324998ms] [WARNING] You have Reduced Motion enabled on your device. Animations may not appear as expected.. For more information and steps for solving, visit https://motion.dev/troubleshooting/reduced-motion-disabled @ http://localhost:3000/_next/static/chunks/node_modules_next_dist_115brz8._.js:2431
[  325072ms] Error: Hydration failed because the server rendered HTML didn't match the client. As a result this tree will be regenerated on the client. This can happen if a SSR-ed Client Component used:

- A server/client branch `if (typeof window !== 'undefined')`.
- Variable input such as `Date.now()` or `Math.random()` which changes each time it's called.
- Date formatting in a user's locale which doesn't match the server.
- External changing data without sending a snapshot of it along with the HTML.
- Invalid HTML tag nesting.

It can also happen if the client has a browser extension installed which messes with the HTML before React loaded.

https://react.dev/link/hydration-mismatch

  ...
    <RedirectBoundary>
      <RedirectErrorBoundary router={{...}}>
        <Head>
        <__next_root_layout_boundary__>
          <SegmentViewNode type="layout" pagePath="layout.tsx">
            <SegmentTrieNode>
            <link>
            <script>
            <script>
            <script>
            <RootLayout>
              <html lang="ja" className="space_grot...">
                <body className="site-body">
                  <script>
                  <script>
                  <SiteMotionChrome>
                    <motion.div>
                    <AnimatePresence mode="wait">
                      <PresenceChild isPresent={true} initial={undefined} custom={undefined} presenceAffectsLayout={true} ...>
                        <PopChild pop={false} isPresent={true} anchorX="left" anchorY="top" root={undefined}>
                          <PopChildMeasure isPresent={true} childRef={{current:null}} sizeRef={{...}} pop={false}>
                            <motion.div className="site-route..." initial={{opacity:0,x:"-18%"}} ...>
                              <div
+                               className="site-route-signal"
-                               className="site-pointer-aura"
                                style={{
+                                 opacity: 0
+                                 transform: "translateX(-18%)"
-                                 background-image: "radial-gradient(320px at -280px -280px, rgba(217, 168, 63, 0.1) 0..."
-                                 background-position-x: "initial"
-                                 background-position-y: "initial"
-                                 background-size: "initial"
-                                 background-repeat: "initial"
-                                 background-attachment: "initial"
-                                 background-origin: "initial"
-                                 background-clip: "initial"
-                                 background-color: "initial"
                                }}
                                ref={function useMotionRef.useCallback}
                              >
                  ...
                    <SegmentStateProvider>
                      <SegmentViewNode type="template" pagePath="template.tsx">
                        <SegmentTrieNode>
                        <Template>
                          <RouteTemplateMotion>
                            <motion.div className={"route-te..."} initial={{opacity:0}} ...>
                              <div
+                               className={"route-template "}
-                               className="site-beams"
+                               style={{opacity:0}}
-                               style={{}}
                                ref={function useMotionRef.useCallback}
-                               aria-hidden="true"
                              >
                                <motion.div aria-hidden="true" className="route-temp..." initial={{opacity:0}} ...>
+                                 <div
+                                   aria-hidden="true"
+                                   className="route-template-sheen"
+                                   style={{opacity:0}}
+                                   ref={function useMotionRef.useCallback}
+                                 >
                                ...
                      ...
        ...

    at throwOnHydrationMismatch (http://localhost:3000/_next/static/chunks/node_modules_next_dist_compiled_react-dom_058-ah~._.js:3318:56)
    at beginWork (http://localhost:3000/_next/static/chunks/node_modules_next_dist_compiled_react-dom_058-ah~._.js:6758:918)
    at runWithFiberInDEV (http://localhost:3000/_next/static/chunks/node_modules_next_dist_compiled_react-dom_058-ah~._.js:965:74)
    at performUnitOfWork (http://localhost:3000/_next/static/chunks/node_modules_next_dist_compiled_react-dom_058-ah~._.js:9555:97)
    at workLoopConcurrentByScheduler (http://localhost:3000/_next/static/chunks/node_modules_next_dist_compiled_react-dom_058-ah~._.js:9551:58)
    at renderRootConcurrent (http://localhost:3000/_next/static/chunks/node_modules_next_dist_compiled_react-dom_058-ah~._.js:9534:71)
    at performWorkOnRoot (http://localhost:3000/_next/static/chunks/node_modules_next_dist_compiled_react-dom_058-ah~._.js:9061:150)
    at performWorkOnRootViaSchedulerTask (http://localhost:3000/_next/static/chunks/node_modules_next_dist_compiled_react-dom_058-ah~._.js:10255:9)
    at MessagePort.performWorkUntilDeadline (http://localhost:3000/_next/static/chunks/node_modules_next_dist_compiled_0rpq4pf._.js:2647:64)
[  325162ms] [WARNING] Manifest: property 'start_url' ignored, should be same origin as document. @ http://localhost:3000/manifest.webmanifest:0
